../Core/Src/main.c:48:6:HAL_ADC_ConvCpltCallback	16	static
../Core/Src/main.c:56:5:main	16	static
../Core/Src/main.c:136:10:mediaADC	32	static
../Core/Src/main.c:157:7:valorPorcento	24	static
../Core/Src/main.c:187:10:validaVolt	24	static
../Core/Src/main.c:197:6:SystemClock_Config	88	static
../Core/Src/main.c:244:13:MX_ADC1_Init	24	static
../Core/Src/main.c:315:13:MX_TIM2_Init	80	static
../Core/Src/main.c:381:13:MX_USART1_UART_Init	8	static
../Core/Src/main.c:412:13:MX_DMA_Init	16	static
../Core/Src/main.c:430:13:MX_GPIO_Init	40	static
../Core/Src/main.c:465:6:Error_Handler	4	static,ignoring_inline_asm
