../Core/Src/main.c:122:6:HAL_TIM_PeriodElapsedCallback	16	static
../Core/Src/main.c:130:6:HAL_GPIO_EXTI_Callback	16	static
../Core/Src/main.c:172:5:main	64	static
../Core/Src/main.c:364:10:mediaADC	32	static
../Core/Src/main.c:385:7:valorPorcento	32	static
../Core/Src/main.c:422:10:validaVolt	24	static
../Core/Src/main.c:432:7:getFatorCorrecao	48	static
../Core/Src/main.c:458:7:calcularTIcorrigido	24	static
../Core/Src/main.c:467:6:SystemClock_Config	88	static
../Core/Src/main.c:514:13:MX_ADC1_Init	24	static
../Core/Src/main.c:597:13:MX_TIM2_Init	56	static
../Core/Src/main.c:649:13:MX_TIM3_Init	56	static
../Core/Src/main.c:701:13:MX_USART1_UART_Init	8	static
../Core/Src/main.c:732:13:MX_DMA_Init	16	static
../Core/Src/main.c:750:13:MX_GPIO_Init	40	static
../Core/Src/main.c:796:6:Error_Handler	4	static,ignoring_inline_asm
