../Core/Src/main.c:40:6:HAL_TIM_PeriodElapsedCallback	16	static
../Core/Src/main.c:47:6:HAL_GPIO_EXTI_Callback	16	static
../Core/Src/main.c:86:5:main	8	static
../Core/Src/main.c:116:6:SystemClock_Config	88	static
../Core/Src/main.c:163:13:MX_ADC1_Init	24	static
../Core/Src/main.c:246:13:MX_TIM2_Init	56	static
../Core/Src/main.c:298:13:MX_TIM3_Init	56	static
../Core/Src/main.c:350:13:MX_USART1_UART_Init	8	static
../Core/Src/main.c:381:13:MX_DMA_Init	16	static
../Core/Src/main.c:399:13:MX_GPIO_Init	40	static
../Core/Src/main.c:445:6:Error_Handler	4	static,ignoring_inline_asm
