../Core/Src/main.c:122:6:HAL_TIM_PeriodElapsedCallback	2
../Core/Src/main.c:130:6:HAL_GPIO_EXTI_Callback	7
../Core/Src/main.c:172:5:main	4
../Core/Src/main.c:364:10:mediaADC	3
../Core/Src/main.c:385:7:valorPorcento	6
../Core/Src/main.c:422:10:validaVolt	3
../Core/Src/main.c:432:7:getFatorCorrecao	6
../Core/Src/main.c:458:7:calcularTIcorrigido	1
../Core/Src/main.c:467:6:SystemClock_Config	4
../Core/Src/main.c:514:13:MX_ADC1_Init	7
../Core/Src/main.c:597:13:MX_TIM2_Init	5
../Core/Src/main.c:649:13:MX_TIM3_Init	5
../Core/Src/main.c:701:13:MX_USART1_UART_Init	2
../Core/Src/main.c:732:13:MX_DMA_Init	1
../Core/Src/main.c:750:13:MX_GPIO_Init	1
../Core/Src/main.c:796:6:Error_Handler	1
