21:15:44 **** Incremental Build of configuration Debug for project Acionar_injetor_Gol ****
make -j8 all 
arm-none-eabi-gcc "../Core/Src/main.c" -mcpu=cortex-m3 -std=gnu11 -g3 -DDEBUG -DUSE_HAL_DRIVER -DSTM32F103xB -c -I../Core/Inc -I../Drivers/STM32F1xx_HAL_Driver/Inc/Legacy -I../Drivers/STM32F1xx_HAL_Driver/Inc -I../Drivers/CMSIS/Device/ST/STM32F1xx/Include -I../Drivers/CMSIS/Include -O0 -ffunction-sections -fdata-sections -Wall -fstack-usage -fcyclomatic-complexity -MMD -MP -MF"Core/Src/main.d" -MT"Core/Src/main.o" --specs=nano.specs -mfloat-abi=soft -mthumb -o "Core/Src/main.o"
arm-none-eabi-gcc -o "Acionar_injetor_Gol.elf" @"objects.list"   -mcpu=cortex-m3 -T"C:\GIT\CODIGO_TRAB_FINAL\Acionar_injetor_Gol\STM32F103C8TX_FLASH.ld" --specs=nosys.specs -Wl,-Map="Acionar_injetor_Gol.map" -Wl,--gc-sections -static --specs=nano.specs -mfloat-abi=soft -mthumb -Wl,--start-group -lc -lm -Wl,--end-group
Finished building target: Acionar_injetor_Gol.elf
 
arm-none-eabi-size  Acionar_injetor_Gol.elf 
arm-none-eabi-objdump -h -S Acionar_injetor_Gol.elf  > "Acionar_injetor_Gol.list"
arm-none-eabi-objcopy  -O ihex Acionar_injetor_Gol.elf  "Acionar_injetor_Gol.hex"
   text	   data	    bss	    dec	    hex	filename
  12724	     12	   1924	  14660	   3944	Acionar_injetor_Gol.elf
Finished building: default.size.stdout
 
Finished building: Acionar_injetor_Gol.hex
 
Finished building: Acionar_injetor_Gol.list
 

21:15:45 Build Finished. 0 errors, 0 warnings. (took 1s.484ms)

