20:49:25 **** Incremental Build of configuration Debug for project Acionar_injetor_Gol ****
make -j8 all 
arm-none-eabi-gcc -o "Acionar_injetor_Gol.elf" @"objects.list"   -mcpu=cortex-m3 -T"C:\GIT\CODIGO_TRAB_FINAL\Acionar_injetor_Gol\STM32F103C8TX_FLASH.ld" --specs=nosys.specs -Wl,-Map="Acionar_injetor_Gol.map" -Wl,--gc-sections -static --specs=nano.specs -mfloat-abi=soft -mthumb -Wl,--start-group -lc -lm -Wl,--end-group
Finished building target: Acionar_injetor_Gol.elf
 
arm-none-eabi-size  Acionar_injetor_Gol.elf 
arm-none-eabi-objdump -h -S Acionar_injetor_Gol.elf  > "Acionar_injetor_Gol.list"
arm-none-eabi-objcopy  -O ihex Acionar_injetor_Gol.elf  "Acionar_injetor_Gol.hex"
   text	   data	    bss	    dec	    hex	filename
  11120	     12	   1900	  13032	   32e8	Acionar_injetor_Gol.elf
Finished building: default.size.stdout
 
Finished building: Acionar_injetor_Gol.list
 
Finished building: Acionar_injetor_Gol.hex
 

20:49:26 Build Finished. 0 errors, 0 warnings. (took 940ms)

